Archive member included to satisfy reference by file (symbol)

D:/STM IDE/STM32CubeIDE_1.19.0/STM32CubeIDE/plugins/com.st.stm32cube.ide.mcu.externaltools.gnu-tools-for-stm32.13.3.rel1.win32_1.0.0.202411081344/tools/bin/../lib/gcc/arm-none-eabi/13.3.1/../../../../arm-none-eabi/lib/thumb/v7-m/nofp\libc_nano.a(libc_a-exit.o)
                              D:/STM IDE/STM32CubeIDE_1.19.0/STM32CubeIDE/plugins/com.st.stm32cube.ide.mcu.externaltools.gnu-tools-for-stm32.13.3.rel1.win32_1.0.0.202411081344/tools/bin/../lib/gcc/arm-none-eabi/13.3.1/../../../../arm-none-eabi/lib/thumb/v7-m/nofp/crt0.o (exit)
D:/STM IDE/STM32CubeIDE_1.19.0/STM32CubeIDE/plugins/com.st.stm32cube.ide.mcu.externaltools.gnu-tools-for-stm32.13.3.rel1.win32_1.0.0.202411081344/tools/bin/../lib/gcc/arm-none-eabi/13.3.1/../../../../arm-none-eabi/lib/thumb/v7-m/nofp\libc_nano.a(libc_a-findfp.o)
                              D:/STM IDE/STM32CubeIDE_1.19.0/STM32CubeIDE/plugins/com.st.stm32cube.ide.mcu.externaltools.gnu-tools-for-stm32.13.3.rel1.win32_1.0.0.202411081344/tools/bin/../lib/gcc/arm-none-eabi/13.3.1/../../../../arm-none-eabi/lib/thumb/v7-m/nofp\libc_nano.a(libc_a-exit.o) (__stdio_exit_handler)
D:/STM IDE/STM32CubeIDE_1.19.0/STM32CubeIDE/plugins/com.st.stm32cube.ide.mcu.externaltools.gnu-tools-for-stm32.13.3.rel1.win32_1.0.0.202411081344/tools/bin/../lib/gcc/arm-none-eabi/13.3.1/../../../../arm-none-eabi/lib/thumb/v7-m/nofp\libc_nano.a(libc_a-fwalk.o)
                              D:/STM IDE/STM32CubeIDE_1.19.0/STM32CubeIDE/plugins/com.st.stm32cube.ide.mcu.externaltools.gnu-tools-for-stm32.13.3.rel1.win32_1.0.0.202411081344/tools/bin/../lib/gcc/arm-none-eabi/13.3.1/../../../../arm-none-eabi/lib/thumb/v7-m/nofp\libc_nano.a(libc_a-findfp.o) (_fwalk_sglue)
D:/STM IDE/STM32CubeIDE_1.19.0/STM32CubeIDE/plugins/com.st.stm32cube.ide.mcu.externaltools.gnu-tools-for-stm32.13.3.rel1.win32_1.0.0.202411081344/tools/bin/../lib/gcc/arm-none-eabi/13.3.1/../../../../arm-none-eabi/lib/thumb/v7-m/nofp\libc_nano.a(libc_a-sprintf.o)
                              ./Core/Src/main.o (sprintf)
D:/STM IDE/STM32CubeIDE_1.19.0/STM32CubeIDE/plugins/com.st.stm32cube.ide.mcu.externaltools.gnu-tools-for-stm32.13.3.rel1.win32_1.0.0.202411081344/tools/bin/../lib/gcc/arm-none-eabi/13.3.1/../../../../arm-none-eabi/lib/thumb/v7-m/nofp\libc_nano.a(libc_a-stdio.o)
                              D:/STM IDE/STM32CubeIDE_1.19.0/STM32CubeIDE/plugins/com.st.stm32cube.ide.mcu.externaltools.gnu-tools-for-stm32.13.3.rel1.win32_1.0.0.202411081344/tools/bin/../lib/gcc/arm-none-eabi/13.3.1/../../../../arm-none-eabi/lib/thumb/v7-m/nofp\libc_nano.a(libc_a-findfp.o) (__sread)
D:/STM IDE/STM32CubeIDE_1.19.0/STM32CubeIDE/plugins/com.st.stm32cube.ide.mcu.externaltools.gnu-tools-for-stm32.13.3.rel1.win32_1.0.0.202411081344/tools/bin/../lib/gcc/arm-none-eabi/13.3.1/../../../../arm-none-eabi/lib/thumb/v7-m/nofp\libc_nano.a(libc_a-memset.o)
                              D:/STM IDE/STM32CubeIDE_1.19.0/STM32CubeIDE/plugins/com.st.stm32cube.ide.mcu.externaltools.gnu-tools-for-stm32.13.3.rel1.win32_1.0.0.202411081344/tools/bin/../lib/gcc/arm-none-eabi/13.3.1/../../../../arm-none-eabi/lib/thumb/v7-m/nofp/crt0.o (memset)
D:/STM IDE/STM32CubeIDE_1.19.0/STM32CubeIDE/plugins/com.st.stm32cube.ide.mcu.externaltools.gnu-tools-for-stm32.13.3.rel1.win32_1.0.0.202411081344/tools/bin/../lib/gcc/arm-none-eabi/13.3.1/../../../../arm-none-eabi/lib/thumb/v7-m/nofp\libc_nano.a(libc_a-closer.o)
                              D:/STM IDE/STM32CubeIDE_1.19.0/STM32CubeIDE/plugins/com.st.stm32cube.ide.mcu.externaltools.gnu-tools-for-stm32.13.3.rel1.win32_1.0.0.202411081344/tools/bin/../lib/gcc/arm-none-eabi/13.3.1/../../../../arm-none-eabi/lib/thumb/v7-m/nofp\libc_nano.a(libc_a-stdio.o) (_close_r)
D:/STM IDE/STM32CubeIDE_1.19.0/STM32CubeIDE/plugins/com.st.stm32cube.ide.mcu.externaltools.gnu-tools-for-stm32.13.3.rel1.win32_1.0.0.202411081344/tools/bin/../lib/gcc/arm-none-eabi/13.3.1/../../../../arm-none-eabi/lib/thumb/v7-m/nofp\libc_nano.a(libc_a-reent.o)
                              D:/STM IDE/STM32CubeIDE_1.19.0/STM32CubeIDE/plugins/com.st.stm32cube.ide.mcu.externaltools.gnu-tools-for-stm32.13.3.rel1.win32_1.0.0.202411081344/tools/bin/../lib/gcc/arm-none-eabi/13.3.1/../../../../arm-none-eabi/lib/thumb/v7-m/nofp\libc_nano.a(libc_a-closer.o) (errno)
D:/STM IDE/STM32CubeIDE_1.19.0/STM32CubeIDE/plugins/com.st.stm32cube.ide.mcu.externaltools.gnu-tools-for-stm32.13.3.rel1.win32_1.0.0.202411081344/tools/bin/../lib/gcc/arm-none-eabi/13.3.1/../../../../arm-none-eabi/lib/thumb/v7-m/nofp\libc_nano.a(libc_a-impure.o)
                              D:/STM IDE/STM32CubeIDE_1.19.0/STM32CubeIDE/plugins/com.st.stm32cube.ide.mcu.externaltools.gnu-tools-for-stm32.13.3.rel1.win32_1.0.0.202411081344/tools/bin/../lib/gcc/arm-none-eabi/13.3.1/../../../../arm-none-eabi/lib/thumb/v7-m/nofp\libc_nano.a(libc_a-sprintf.o) (_impure_ptr)
[...]
Memory Configuration

Name             Origin             Length             Attributes
RAM              0x20000000         0x00005000         xrw
FLASH            0x08000000         0x00010000         xr
*default*        0x00000000         0xffffffff

Linker script and memory map

LOAD D:/STM IDE/STM32CubeIDE_1.19.0/STM32CubeIDE/plugins/com.st.stm32cube.ide.mcu.externaltools.gnu-tools-for-stm32.13.3.rel1.win32_1.0.0.202411081344/tools/bin/../lib/gcc/arm-none-eabi/13.3.1/thumb/v7-m/nofp/crti.o
LOAD D:/STM IDE/STM32CubeIDE_1.19.0/STM32CubeIDE/plugins/com.st.stm32cube.ide.mcu.externaltools.gnu-tools-for-stm32.13.3.rel1.win32_1.0.0.202411081344/tools/bin/../lib/gcc/arm-none-eabi/13.3.1/thumb/v7-m/nofp/crtbegin.o
LOAD D:/STM IDE/STM32CubeIDE_1.19.0/STM32CubeIDE/plugins/com.st.stm32cube.ide.mcu.externaltools.gnu-tools-for-stm32.13.3.rel1.win32_1.0.0.202411081344/tools/bin/../lib/gcc/arm-none-eabi/13.3.1/../../../../arm-none-eabi/lib/thumb/v7-m/nofp/crt0.o
LOAD ./Core/Src/lcd.o
LOAD ./Core/Src/main.o
LOAD ./Core/Src/stm32f1xx_hal_msp.o
LOAD ./Core/Src/stm32f1xx_it.o
LOAD ./Core/Src/syscalls.o
LOAD ./Core/Src/sysmem.o
LOAD ./Core/Src/system_stm32f1xx.o
LOAD ./Core/Startup/startup_stm32f103c8tx.o
LOAD ./Drivers/STM32F1xx_HAL_Driver/Src/stm32f1xx_hal.o
LOAD ./Drivers/STM32F1xx_HAL_Driver/Src/stm32f1xx_hal_cortex.o
LOAD ./Drivers/STM32F1xx_HAL_Driver/Src/stm32f1xx_hal_dma.o
LOAD ./Drivers/STM32F1xx_HAL_Driver/Src/stm32f1xx_hal_exti.o
LOAD ./Drivers/STM32F1xx_HAL_Driver/Src/stm32f1xx_hal_flash.o
LOAD ./Drivers/STM32F1xx_HAL_Driver/Src/stm32f1xx_hal_flash_ex.o
LOAD ./Drivers/STM32F1xx_HAL_Driver/Src/stm32f1xx_hal_gpio.o
LOAD ./Drivers/STM32F1xx_HAL_Driver/Src/stm32f1xx_hal_gpio_ex.o
LOAD ./Drivers/STM32F1xx_HAL_Driver/Src/stm32f1xx_hal_pwr.o
LOAD ./Drivers/STM32F1xx_HAL_Driver/Src/stm32f1xx_hal_rcc.o
LOAD ./Drivers/STM32F1xx_HAL_Driver/Src/stm32f1xx_hal_rcc_ex.o
LOAD ./Drivers/STM32F1xx_HAL_Driver/Src/stm32f1xx_hal_tim.o
LOAD ./Drivers/STM32F1xx_HAL_Driver/Src/stm32f1xx_hal_tim_ex.o
START GROUP
LOAD D:/STM IDE/STM32CubeIDE_1.19.0/STM32CubeIDE/plugins/com.st.stm32cube.ide.mcu.externaltools.gnu-tools-for-stm32.13.3.rel1.win32_1.0.0.202411081344/tools/bin/../lib/gcc/arm-none-eabi/13.3.1/../../../../arm-none-eabi/lib/thumb/v7-m/nofp\libc_nano.a
LOAD D:/STM IDE/STM32CubeIDE_1.19.0/STM32CubeIDE/plugins/com.st.stm32cube.ide.mcu.externaltools.gnu-tools-for-stm32.13.3.rel1.win32_1.0.0.202411081344/tools/bin/../lib/gcc/arm-none-eabi/13.3.1/../../../../arm-none-eabi/lib/thumb/v7-m/nofp\libm.a
END GROUP
START GROUP
LOAD D:/STM IDE/STM32CubeIDE_1.19.0/STM32CubeIDE/plugins/com.st.stm32cube.ide.mcu.externaltools.gnu-tools-for-stm32.13.3.rel1.win32_1.0.0.202411081344/tools/bin/../lib/gcc/arm-none-eabi/13.3.1/thumb/v7-m/nofp\libgcc.a
LOAD D:/STM IDE/STM32CubeIDE_1.19.0/STM32CubeIDE/plugins/com.st.stm32cube.ide.mcu.externaltools.gnu-tools-for-stm32.13.3.rel1.win32_1.0.0.202411081344/tools/bin/../lib/gcc/arm-none-eabi/13.3.1/../../../../arm-none-eabi/lib/thumb/v7-m/nofp\libc_nano.a
END GROUP
START GROUP
LOAD D:/STM IDE/STM32CubeIDE_1.19.0/STM32CubeIDE/plugins/com.st.stm32cube.ide.mcu.externaltools.gnu-tools-for-stm32.13.3.rel1.win32_1.0.0.202411081344/tools/bin/../lib/gcc/arm-none-eabi/13.3.1/thumb/v7-m/nofp\libgcc.a
LOAD D:/STM IDE/STM32CubeIDE_1.19.0/STM32CubeIDE/plugins/com.st.stm32cube.ide.mcu.externaltools.gnu-tools-for-stm32.13.3.rel1.win32_1.0.0.202411081344/tools/bin/../lib/gcc/arm-none-eabi/13.3.1/../../../../arm-none-eabi/lib/thumb/v7-m/nofp\libc_nano.a
LOAD D:/STM IDE/STM32CubeIDE_1.19.0/STM32CubeIDE/plugins/com.st.stm32cube.ide.mcu.externaltools.gnu-tools-for-stm32.13.3.rel1.win32_1.0.0.202411081344/tools/bin/../lib/gcc/arm-none-eabi/13.3.1/../../../../arm-none-eabi/lib/thumb/v7-m/nofp\libnosys.a
END GROUP
START GROUP
LOAD D:/STM IDE/STM32CubeIDE_1.19.0/STM32CubeIDE/plugins/com.st.stm32cube.ide.mcu.externaltools.gnu-tools-for-stm32.13.3.rel1.win32_1.0.0.202411081344/tools/bin/../lib/gcc/arm-none-eabi/13.3.1/thumb/v7-m/nofp\libgcc.a
LOAD D:/STM IDE/STM32CubeIDE_1.19.0/STM32CubeIDE/plugins/com.st.stm32cube.ide.mcu.externaltools.gnu-tools-for-stm32.13.3.rel1.win32_1.0.0.202411081344/tools/bin/../lib/gcc/arm-none-eabi/13.3.1/../../../../arm-none-eabi/lib/thumb/v7-m/nofp\libc_nano.a
LOAD D:/STM IDE/STM32CubeIDE_1.19.0/STM32CubeIDE/plugins/com.st.stm32cube.ide.mcu.externaltools.gnu-tools-for-stm32.13.3.rel1.win32_1.0.0.202411081344/tools/bin/../lib/gcc/arm-none-eabi/13.3.1/../../../../arm-none-eabi/lib/thumb/v7-m/nofp\libnosys.a
END GROUP
LOAD D:/STM IDE/STM32CubeIDE_1.19.0/STM32CubeIDE/plugins/com.st.stm32cube.ide.mcu.externaltools.gnu-tools-for-stm32.13.3.rel1.win32_1.0.0.202411081344/tools/bin/../lib/gcc/arm-none-eabi/13.3.1/thumb/v7-m/nofp/crtend.o
LOAD D:/STM IDE/STM32CubeIDE_1.19.0/STM32CubeIDE/plugins/com.st.stm32cube.ide.mcu.externaltools.gnu-tools-for-stm32.13.3.rel1.win32_1.0.0.202411081344/tools/bin/../lib/gcc/arm-none-eabi/13.3.1/thumb/v7-m/nofp/crtn.o
                0x20005000                        _estack = (ORIGIN (RAM) + LENGTH (RAM))
                0x00000200                        _Min_Heap_Size = 0x200
                0x00000400                        _Min_Stack_Size = 0x400

.isr_vector     0x08000000      0x10c
                0x08000000                        . = ALIGN (0x4)
 *(.isr_vector)
 .isr_vector    0x08000000      0x10c ./Core/Startup/startup_stm32f103c8tx.o
                0x08000000                g_pfnVectors
                0x0800010c                        . = ALIGN (0x4)

.text           0x0800010c     0x2e64
                0x0800010c                        . = ALIGN (0x4)
 *(.text)
 .text          0x0800010c       0x40 D:/STM IDE/STM32CubeIDE_1.19.0/STM32CubeIDE/plugins/com.st.stm32cube.ide.mcu.externaltools.gnu-tools-for-stm32.13.3.rel1.win32_1.0.0.202411081344/tools/bin/../lib/gcc/arm-none-eabi/13.3.1/thumb/v7-m/nofp/crtbegin.o
 *(.text*)
 .text.lcd_write_nibble
                0x0800014c       0x64 ./Core/Src/lcd.o
                0x0800014c                lcd_write_nibble
 .text.lcd_send_cmd
                0x080001b0       0x46 ./Core/Src/lcd.o
                0x080001b0                lcd_send_cmd
 .text.lcd_send_data
                0x080001f6       0x34 ./Core/Src/lcd.o
                0x080001f6                lcd_send_data
 .text.lcd_init
                0x0800022a       0x5e ./Core/Src/lcd.o
                0x0800022a                lcd_init
 .text.lcd_write_string
                0x08000288       0x2a ./Core/Src/lcd.o
                0x08000288                lcd_write_string
 .text.lcd_set_cursor
                0x080002b2       0x4a ./Core/Src/lcd.o
                0x080002b2                lcd_set_cursor
 .text.lcd_clear
                0x080002fc       0x14 ./Core/Src/lcd.o
                0x080002fc                lcd_clear
 .text.HAL_GPIO_EXTI_Callback
                0x08000310       0x90 ./Core/Src/main.o
                0x08000310                HAL_GPIO_EXTI_Callback
 .text.main     0x080003a0      0x594 ./Core/Src/main.o
                0x080003a0                main
 .text.SystemClock_Config
                0x08000934       0x8a ./Core/Src/main.o
                0x08000934                SystemClock_Config
 *fill*         0x080009be        0x2 
 .text.MX_TIM1_Init
                0x080009c0      0x150 ./Core/Src/main.o
 .text.MX_GPIO_Init
                0x08000b10      0x114 ./Core/Src/main.o
 .text.Error_Handler
                0x08000c24        0xc ./Core/Src/main.o
                0x08000c24                Error_Handler
 .text.HAL_MspInit
                0x08000c30       0x64 ./Core/Src/stm32f1xx_hal_msp.o
                0x08000c30                HAL_MspInit
 .text.HAL_TIM_PWM_MspInit
                0x08000c94       0x3c ./Core/Src/stm32f1xx_hal_msp.o
                0x08000c94                HAL_TIM_PWM_MspInit
 .text.HAL_TIM_MspPostInit
                0x08000cd0       0x68 ./Core/Src/stm32f1xx_hal_msp.o
                0x08000cd0                HAL_TIM_MspPostInit
 .text.NMI_Handler
                0x08000d38        0x8 ./Core/Src/stm32f1xx_it.o
                0x08000d38                NMI_Handler
 .text.HardFault_Handler
                0x08000d40        0x8 ./Core/Src/stm32f1xx_it.o
                0x08000d40                HardFault_Handler
 .text.MemManage_Handler
                0x08000d48        0x8 ./Core/Src/stm32f1xx_it.o
                0x08000d48                MemManage_Handler
 .text.BusFault_Handler
                0x08000d50        0x8 ./Core/Src/stm32f1xx_it.o
                0x08000d50                BusFault_Handler
 .text.UsageFault_Handler
                0x08000d58        0x8 ./Core/Src/stm32f1xx_it.o
                0x08000d58                UsageFault_Handler
 .text.SVC_Handler
                0x08000d60        0xc ./Core/Src/stm32f1xx_it.o
                0x08000d60                SVC_Handler
 .text.DebugMon_Handler
                0x08000d6c        0xc ./Core/Src/stm32f1xx_it.o
                0x08000d6c                DebugMon_Handler
 .text.PendSV_Handler
                0x08000d78        0xc ./Core/Src/stm32f1xx_it.o
                0x08000d78                PendSV_Handler
 .text.SysTick_Handler
                0x08000d84        0xc ./Core/Src/stm32f1xx_it.o
                0x08000d84                SysTick_Handler
 .text.EXTI0_IRQHandler
                0x08000d90        0xe ./Core/Src/stm32f1xx_it.o
                0x08000d90                EXTI0_IRQHandler
 .text.EXTI1_IRQHandler
                0x08000d9e        0xe ./Core/Src/stm32f1xx_it.o
                0x08000d9e                EXTI1_IRQHandler
 .text.EXTI3_IRQHandler
                0x08000dac        0xe ./Core/Src/stm32f1xx_it.o
                0x08000dac                EXTI3_IRQHandler
 *fill*         0x08000dba        0x2 
 .text._sbrk    0x08000dbc       0x6c ./Core/Src/sysmem.o
                0x08000dbc                _sbrk
 .text.SystemInit
                0x08000e28        0xc ./Core/Src/system_stm32f1xx.o
                0x08000e28                SystemInit
 .text.Reset_Handler
                0x08000e34       0x48 ./Core/Startup/startup_stm32f103c8tx.o
                0x08000e34                Reset_Handler
 .text.Default_Handler
                0x08000e7c        0x2 ./Core/Startup/startup_stm32f103c8tx.o
                0x08000e7c                RTC_Alarm_IRQHandler
                0x08000e7c                EXTI2_IRQHandler
                0x08000e7c                TIM1_CC_IRQHandler
                0x08000e7c                PVD_IRQHandler
                0x08000e7c                I2C2_EV_IRQHandler
                0x08000e7c                ADC1_2_IRQHandler
                0x08000e7c                SPI1_IRQHandler
                0x08000e7c                TAMPER_IRQHandler
                0x08000e7c                DMA1_Channel4_IRQHandler
                0x08000e7c                USART3_IRQHandler
                0x08000e7c                RTC_IRQHandler
                0x08000e7c                DMA1_Channel7_IRQHandler
                0x08000e7c                CAN1_RX1_IRQHandler
                0x08000e7c                TIM4_IRQHandler
                0x08000e7c                I2C1_EV_IRQHandler
                0x08000e7c                DMA1_Channel6_IRQHandler
                0x08000e7c                TIM3_IRQHandler
                0x08000e7c                RCC_IRQHandler
                0x08000e7c                TIM1_TRG_COM_IRQHandler
                0x08000e7c                DMA1_Channel1_IRQHandler
                0x08000e7c                Default_Handler
                0x08000e7c                EXTI15_10_IRQHandler
                0x08000e7c                EXTI9_5_IRQHandler
                0x08000e7c                SPI2_IRQHandler
                0x08000e7c                DMA1_Channel5_IRQHandler
                0x08000e7c                EXTI4_IRQHandler
                0x08000e7c                USB_LP_CAN1_RX0_IRQHandler
                0x08000e7c                USB_HP_CAN1_TX_IRQHandler
                0x08000e7c                DMA1_Channel3_IRQHandler
                0x08000e7c                TIM1_UP_IRQHandler
                0x08000e7c                WWDG_IRQHandler
                0x08000e7c                TIM2_IRQHandler
                0x08000e7c                TIM1_BRK_IRQHandler
                0x08000e7c                USART2_IRQHandler
                0x08000e7c                I2C2_ER_IRQHandler
                0x08000e7c                DMA1_Channel2_IRQHandler
                0x08000e7c                CAN1_SCE_IRQHandler
                0x08000e7c                FLASH_IRQHandler
                0x08000e7c                USART1_IRQHandler
                0x08000e7c                I2C1_ER_IRQHandler
                0x08000e7c                USBWakeUp_IRQHandler
 *fill*         0x08000e7e        0x2 
 .text.HAL_Init
                0x08000e80       0x2c ./Drivers/STM32F1xx_HAL_Driver/Src/stm32f1xx_hal.o
                0x08000e80                HAL_Init
 .text.HAL_InitTick
                0x08000eac       0x60 ./Drivers/STM32F1xx_HAL_Driver/Src/stm32f1xx_hal.o
                0x08000eac                HAL_InitTick
 .text.HAL_IncTick
                0x08000f0c       0x24 ./Drivers/STM32F1xx_HAL_Driver/Src/stm32f1xx_hal.o
                0x08000f0c                HAL_IncTick
 .text.HAL_GetTick
                0x08000f30       0x14 ./Drivers/STM32F1xx_HAL_Driver/Src/stm32f1xx_hal.o
                0x08000f30                HAL_GetTick
 .text.HAL_Delay
                0x08000f44       0x48 ./Drivers/STM32F1xx_HAL_Driver/Src/stm32f1xx_hal.o
                0x08000f44                HAL_Delay
 .text.__NVIC_SetPriorityGrouping
                0x08000f8c       0x48 ./Drivers/STM32F1xx_HAL_Driver/Src/stm32f1xx_hal_cortex.o
 .text.__NVIC_GetPriorityGrouping
                0x08000fd4       0x1c ./Drivers/STM32F1xx_HAL_Driver/Src/stm32f1xx_hal_cortex.o
 .text.__NVIC_EnableIRQ
                0x08000ff0       0x38 ./Drivers/STM32F1xx_HAL_Driver/Src/stm32f1xx_hal_cortex.o
 .text.__NVIC_SetPriority
                0x08001028       0x54 ./Drivers/STM32F1xx_HAL_Driver/Src/stm32f1xx_hal_cortex.o
 .text.NVIC_EncodePriority
                0x0800107c       0x64 ./Drivers/STM32F1xx_HAL_Driver/Src/stm32f1xx_hal_cortex.o
 .text.SysTick_Config
                0x080010e0       0x44 ./Drivers/STM32F1xx_HAL_Driver/Src/stm32f1xx_hal_cortex.o
 .text.HAL_NVIC_SetPriorityGrouping
                0x08001124       0x16 ./Drivers/STM32F1xx_HAL_Driver/Src/stm32f1xx_hal_cortex.o
                0x08001124                HAL_NVIC_SetPriorityGrouping
 .text.HAL_NVIC_SetPriority
                0x0800113a       0x38 ./Drivers/STM32F1xx_HAL_Driver/Src/stm32f1xx_hal_cortex.o
                0x0800113a                HAL_NVIC_SetPriority
 .text.HAL_NVIC_EnableIRQ
                0x08001172       0x1c ./Drivers/STM32F1xx_HAL_Driver/Src/stm32f1xx_hal_cortex.o
                0x08001172                HAL_NVIC_EnableIRQ
 .text.HAL_SYSTICK_Config
                0x0800118e       0x18 ./Drivers/STM32F1xx_HAL_Driver/Src/stm32f1xx_hal_cortex.o
                0x0800118e                HAL_SYSTICK_Config
 *fill*         0x080011a6        0x2 
 .text.HAL_GPIO_Init
                0x080011a8      0x308 ./Drivers/STM32F1xx_HAL_Driver/Src/stm32f1xx_hal_gpio.o
                0x080011a8                HAL_GPIO_Init
 .text.HAL_GPIO_ReadPin
                0x080014b0       0x2e ./Drivers/STM32F1xx_HAL_Driver/Src/stm32f1xx_hal_gpio.o
                0x080014b0                HAL_GPIO_ReadPin
 .text.HAL_GPIO_WritePin
                0x080014de       0x30 ./Drivers/STM32F1xx_HAL_Driver/Src/stm32f1xx_hal_gpio.o
                0x080014de                HAL_GPIO_WritePin
 *fill*         0x0800150e        0x2 
 .text.HAL_GPIO_EXTI_IRQHandler
                0x08001510       0x30 ./Drivers/STM32F1xx_HAL_Driver/Src/stm32f1xx_hal_gpio.o
                0x08001510                HAL_GPIO_EXTI_IRQHandler
 .text.HAL_RCC_OscConfig
                0x08001540      0x504 ./Drivers/STM32F1xx_HAL_Driver/Src/stm32f1xx_hal_rcc.o
                0x08001540                HAL_RCC_OscConfig
 .text.HAL_RCC_ClockConfig
                0x08001a44      0x1d4 ./Drivers/STM32F1xx_HAL_Driver/Src/stm32f1xx_hal_rcc.o
                0x08001a44                HAL_RCC_ClockConfig
 .text.HAL_RCC_GetSysClockFreq
                0x08001c18       0xa8 ./Drivers/STM32F1xx_HAL_Driver/Src/stm32f1xx_hal_rcc.o
                0x08001c18                HAL_RCC_GetSysClockFreq
 .text.RCC_Delay
                0x08001cc0       0x3c ./Drivers/STM32F1xx_HAL_Driver/Src/stm32f1xx_hal_rcc.o
 .text.HAL_TIM_PWM_Init
                0x08001cfc       0x9e ./Drivers/STM32F1xx_HAL_Driver/Src/stm32f1xx_hal_tim.o
                0x08001cfc                HAL_TIM_PWM_Init
 *fill*         0x08001d9a        0x2 
 .text.HAL_TIM_PWM_Start
                0x08001d9c      0x144 ./Drivers/STM32F1xx_HAL_Driver/Src/stm32f1xx_hal_tim.o
                0x08001d9c                HAL_TIM_PWM_Start
 .text.HAL_TIM_PWM_ConfigChannel
                0x08001ee0      0x184 ./Drivers/STM32F1xx_HAL_Driver/Src/stm32f1xx_hal_tim.o
                0x08001ee0                HAL_TIM_PWM_ConfigChannel
 .text.TIM_Base_SetConfig
                0x08002064       0xdc ./Drivers/STM32F1xx_HAL_Driver/Src/stm32f1xx_hal_tim.o
                0x08002064                TIM_Base_SetConfig
 .text.TIM_OC1_SetConfig
                0x08002140       0xcc ./Drivers/STM32F1xx_HAL_Driver/Src/stm32f1xx_hal_tim.o
 .text.TIM_OC2_SetConfig
                0x0800220c       0xd4 ./Drivers/STM32F1xx_HAL_Driver/Src/stm32f1xx_hal_tim.o
                0x0800220c                TIM_OC2_SetConfig
 .text.TIM_OC3_SetConfig
                0x080022e0       0xd4 ./Drivers/STM32F1xx_HAL_Driver/Src/stm32f1xx_hal_tim.o
 .text.TIM_OC4_SetConfig
                0x080023b4       0x9c ./Drivers/STM32F1xx_HAL_Driver/Src/stm32f1xx_hal_tim.o
 .text.TIM_CCxChannelCmd
                0x08002450       0x48 ./Drivers/STM32F1xx_HAL_Driver/Src/stm32f1xx_hal_tim.o
                0x08002450                TIM_CCxChannelCmd
 .text.HAL_TIMEx_MasterConfigSynchronization
                0x08002498       0xbc ./Drivers/STM32F1xx_HAL_Driver/Src/stm32f1xx_hal_tim_ex.o
                0x08002498                HAL_TIMEx_MasterConfigSynchronization
 .text.HAL_TIMEx_ConfigBreakDeadTime
                0x08002554       0xa2 ./Drivers/STM32F1xx_HAL_Driver/Src/stm32f1xx_hal_tim_ex.o
                0x08002554                HAL_TIMEx_ConfigBreakDeadTime
 *fill*         0x080025f6        0x2 
 .text.sprintf  0x080025f8       0x44 D:/STM IDE/STM32CubeIDE_1.19.0/STM32CubeIDE/plugins/com.st.stm32cube.ide.mcu.externaltools.gnu-tools-for-stm32.13.3.rel1.win32_1.0.0.202411081344/tools/bin/../lib/gcc/arm-none-eabi/13.3.1/../../../../arm-none-eabi/lib/thumb/v7-m/nofp\libc_nano.a(libc_a-sprintf.o)
                0x080025f8                siprintf
                0x080025f8                sprintf
 .text.memset   0x0800263c       0x10 D:/STM IDE/STM32CubeIDE_1.19.0/STM32CubeIDE/plugins/com.st.stm32cube.ide.mcu.externaltools.gnu-tools-for-stm32.13.3.rel1.win32_1.0.0.202411081344/tools/bin/../lib/gcc/arm-none-eabi/13.3.1/../../../../arm-none-eabi/lib/thumb/v7-m/nofp\libc_nano.a(libc_a-memset.o)
                0x0800263c                memset
 .text.__errno  0x0800264c        0xc D:/STM IDE/STM32CubeIDE_1.19.0/STM32CubeIDE/plugins/com.st.stm32cube.ide.mcu.externaltools.gnu-tools-for-stm32.13.3.rel1.win32_1.0.0.202411081344/tools/bin/../lib/gcc/arm-none-eabi/13.3.1/../../../../arm-none-eabi/lib/thumb/v7-m/nofp\libc_nano.a(libc_a-errno.o)
                0x0800264c                __errno
 .text.__libc_init_array
                0x08002658       0x48 D:/STM IDE/STM32CubeIDE_1.19.0/STM32CubeIDE/plugins/com.st.stm32cube.ide.mcu.externaltools.gnu-tools-for-stm32.13.3.rel1.win32_1.0.0.202411081344/tools/bin/../lib/gcc/arm-none-eabi/13.3.1/../../../../arm-none-eabi/lib/thumb/v7-m/nofp\libc_nano.a(libc_a-init.o)
                0x08002658                __libc_init_array
 .text.__retarget_lock_acquire_recursive
                0x080026a0        0x2 D:/STM IDE/STM32CubeIDE_1.19.0/STM32CubeIDE/plugins/com.st.stm32cube.ide.mcu.externaltools.gnu-tools-for-stm32.13.3.rel1.win32_1.0.0.202411081344/tools/bin/../lib/gcc/arm-none-eabi/13.3.1/../../../../arm-none-eabi/lib/thumb/v7-m/nofp\libc_nano.a(libc_a-lock.o)
                0x080026a0                __retarget_lock_acquire_recursive
 .text.__retarget_lock_release_recursive
                0x080026a2        0x2 D:/STM IDE/STM32CubeIDE_1.19.0/STM32CubeIDE/plugins/com.st.stm32cube.ide.mcu.externaltools.gnu-tools-for-stm32.13.3.rel1.win32_1.0.0.202411081344/tools/bin/../lib/gcc/arm-none-eabi/13.3.1/../../../../arm-none-eabi/lib/thumb/v7-m/nofp\libc_nano.a(libc_a-lock.o)
                0x080026a2                __retarget_lock_release_recursive
 .text._free_r  0x080026a4       0x90 D:/STM IDE/STM32CubeIDE_1.19.0/STM32CubeIDE/plugins/com.st.stm32cube.ide.mcu.externaltools.gnu-tools-for-stm32.13.3.rel1.win32_1.0.0.202411081344/tools/bin/../lib/gcc/arm-none-eabi/13.3.1/../../../../arm-none-eabi/lib/thumb/v7-m/nofp\libc_nano.a(libc_a-freer.o)
                0x080026a4                _free_r
 .text.sbrk_aligned
                0x08002734       0x44 D:/STM IDE/STM32CubeIDE_1.19.0/STM32CubeIDE/plugins/com.st.stm32cube.ide.mcu.externaltools.gnu-tools-for-stm32.13.3.rel1.win32_1.0.0.202411081344/tools/bin/../lib/gcc/arm-none-eabi/13.3.1/../../../../arm-none-eabi/lib/thumb/v7-m/nofp\libc_nano.a(libc_a-mallocr.o)
 .text._malloc_r
                0x08002778      0x100 D:/STM IDE/STM32CubeIDE_1.19.0/STM32CubeIDE/plugins/com.st.stm32cube.ide.mcu.externaltools.gnu-tools-for-stm32.13.3.rel1.win32_1.0.0.202411081344/tools/bin/../lib/gcc/arm-none-eabi/13.3.1/../../../../arm-none-eabi/lib/thumb/v7-m/nofp\libc_nano.a(libc_a-mallocr.o)
                0x08002778                _malloc_r
 .text.__malloc_lock
                0x08002878        0xc D:/STM IDE/STM32CubeIDE_1.19.0/STM32CubeIDE/plugins/com.st.stm32cube.ide.mcu.externaltools.gnu-tools-for-stm32.13.3.rel1.win32_1.0.0.202411081344/tools/bin/../lib/gcc/arm-none-eabi/13.3.1/../../../../arm-none-eabi/lib/thumb/v7-m/nofp\libc_nano.a(libc_a-mlock.o)
                0x08002878                __malloc_lock
 .text.__malloc_unlock
                0x08002884        0xc D:/STM IDE/STM32CubeIDE_1.19.0/STM32CubeIDE/plugins/com.st.stm32cube.ide.mcu.externaltools.gnu-tools-for-stm32.13.3.rel1.win32_1.0.0.202411081344/tools/bin/../lib/gcc/arm-none-eabi/13.3.1/../../../../arm-none-eabi/lib/thumb/v7-m/nofp\libc_nano.a(libc_a-mlock.o)
                0x08002884                __malloc_unlock
 .text.__ssputs_r
                0x08002890       0xb6 D:/STM IDE/STM32CubeIDE_1.19.0/STM32CubeIDE/plugins/com.st.stm32cube.ide.mcu.externaltools.gnu-tools-for-stm32.13.3.rel1.win32_1.0.0.202411081344/tools/bin/../lib/gcc/arm-none-eabi/13.3.1/../../../../arm-none-eabi/lib/thumb/v7-m/nofp\libc_nano.a(libc_a-nano-svfprintf.o)
                0x08002890                __ssputs_r
 *fill*         0x08002946        0x2 
 .text._svfprintf_r
                0x08002948      0x1f8 D:/STM IDE/STM32CubeIDE_1.19.0/STM32CubeIDE/plugins/com.st.stm32cube.ide.mcu.externaltools.gnu-tools-for-stm32.13.3.rel1.win32_1.0.0.202411081344/tools/bin/../lib/gcc/arm-none-eabi/13.3.1/../../../../arm-none-eabi/lib/thumb/v7-m/nofp\libc_nano.a(libc_a-nano-svfprintf.o)
                0x08002948                _svfiprintf_r
                0x08002948                _svfprintf_r
 .text._printf_common
                0x08002b40       0xe4 D:/STM IDE/STM32CubeIDE_1.19.0/STM32CubeIDE/plugins/com.st.stm32cube.ide.mcu.externaltools.gnu-tools-for-stm32.13.3.rel1.win32_1.0.0.202411081344/tools/bin/../lib/gcc/arm-none-eabi/13.3.1/../../../../arm-none-eabi/lib/thumb/v7-m/nofp\libc_nano.a(libc_a-nano-vfprintf_i.o)
                0x08002b40                _printf_common
 .text._printf_i
                0x08002c24      0x23c D:/STM IDE/STM32CubeIDE_1.19.0/STM32CubeIDE/plugins/com.st.stm32cube.ide.mcu.externaltools.gnu-tools-for-stm32.13.3.rel1.win32_1.0.0.202411081344/tools/bin/../lib/gcc/arm-none-eabi/13.3.1/../../../../arm-none-eabi/lib/thumb/v7-m/nofp\libc_nano.a(libc_a-nano-vfprintf_i.o)
                0x08002c24                _printf_i
 .text.memmove  0x08002e60       0x34 D:/STM IDE/STM32CubeIDE_1.19.0/STM32CubeIDE/plugins/com.st.stm32cube.ide.mcu.externaltools.gnu-tools-for-stm32.13.3.rel1.win32_1.0.0.202411081344/tools/bin/../lib/gcc/arm-none-eabi/13.3.1/../../../../arm-none-eabi/lib/thumb/v7-m/nofp\libc_nano.a(libc_a-memmove.o)
                0x08002e60                memmove
 .text._sbrk_r  0x08002e94       0x20 D:/STM IDE/STM32CubeIDE_1.19.0/STM32CubeIDE/plugins/com.st.stm32cube.ide.mcu.externaltools.gnu-tools-for-stm32.13.3.rel1.win32_1.0.0.202411081344/tools/bin/../lib/gcc/arm-none-eabi/13.3.1/../../../../arm-none-eabi/lib/thumb/v7-m/nofp\libc_nano.a(libc_a-sbrkr.o)
                0x08002e94                _sbrk_r
 .text.memchr   0x08002eb4       0x1c D:/STM IDE/STM32CubeIDE_1.19.0/STM32CubeIDE/plugins/com.st.stm32cube.ide.mcu.externaltools.gnu-tools-for-stm32.13.3.rel1.win32_1.0.0.202411081344/tools/bin/../lib/gcc/arm-none-eabi/13.3.1/../../../../arm-none-eabi/lib/thumb/v7-m/nofp\libc_nano.a(libc_a-memchr-stub.o)
                0x08002eb4                memchr
 .text.memcpy   0x08002ed0       0x1c D:/STM IDE/STM32CubeIDE_1.19.0/STM32CubeIDE/plugins/com.st.stm32cube.ide.mcu.externaltools.gnu-tools-for-stm32.13.3.rel1.win32_1.0.0.202411081344/tools/bin/../lib/gcc/arm-none-eabi/13.3.1/../../../../arm-none-eabi/lib/thumb/v7-m/nofp\libc_nano.a(libc_a-memcpy-stub.o)
                0x08002ed0                memcpy
 .text._realloc_r
                0x08002eec       0x5c D:/STM IDE/STM32CubeIDE_1.19.0/STM32CubeIDE/plugins/com.st.stm32cube.ide.mcu.externaltools.gnu-tools-for-stm32.13.3.rel1.win32_1.0.0.202411081344/tools/bin/../lib/gcc/arm-none-eabi/13.3.1/../../../../arm-none-eabi/lib/thumb/v7-m/nofp\libc_nano.a(libc_a-reallocr.o)
                0x08002eec                _realloc_r
 .text._malloc_usable_size_r
                0x08002f48       0x10 D:/STM IDE/STM32CubeIDE_1.19.0/STM32CubeIDE/plugins/com.st.stm32cube.ide.mcu.externaltools.gnu-tools-for-stm32.13.3.rel1.win32_1.0.0.202411081344/tools/bin/../lib/gcc/arm-none-eabi/13.3.1/../../../../arm-none-eabi/lib/thumb/v7-m/nofp\libc_nano.a(libc_a-msizer.o)
                0x08002f48                _malloc_usable_size_r
 *(.glue_7)
 .glue_7        0x08002f58        0x0 linker stubs
 *(.glue_7t)
 .glue_7t       0x08002f58        0x0 linker stubs
 *(.eh_frame)
 .eh_frame      0x08002f58        0x0 D:/STM IDE/STM32CubeIDE_1.19.0/STM32CubeIDE/plugins/com.st.stm32cube.ide.mcu.externaltools.gnu-tools-for-stm32.13.3.rel1.win32_1.0.0.202411081344/tools/bin/../lib/gcc/arm-none-eabi/13.3.1/thumb/v7-m/nofp/crtbegin.o
 *(.init)
 .init          0x08002f58        0x4 D:/STM IDE/STM32CubeIDE_1.19.0/STM32CubeIDE/plugins/com.st.stm32cube.ide.mcu.externaltools.gnu-tools-for-stm32.13.3.rel1.win32_1.0.0.202411081344/tools/bin/../lib/gcc/arm-none-eabi/13.3.1/thumb/v7-m/nofp/crti.o
                0x08002f58                _init
 .init          0x08002f5c        0x8 D:/STM IDE/STM32CubeIDE_1.19.0/STM32CubeIDE/plugins/com.st.stm32cube.ide.mcu.externaltools.gnu-tools-for-stm32.13.3.rel1.win32_1.0.0.202411081344/tools/bin/../lib/gcc/arm-none-eabi/13.3.1/thumb/v7-m/nofp/crtn.o
 *(.fini)
 .fini          0x08002f64        0x4 D:/STM IDE/STM32CubeIDE_1.19.0/STM32CubeIDE/plugins/com.st.stm32cube.ide.mcu.externaltools.gnu-tools-for-stm32.13.3.rel1.win32_1.0.0.202411081344/tools/bin/../lib/gcc/arm-none-eabi/13.3.1/thumb/v7-m/nofp/crti.o
                0x08002f64                _fini
 .fini          0x08002f68        0x8 D:/STM IDE/STM32CubeIDE_1.19.0/STM32CubeIDE/plugins/com.st.stm32cube.ide.mcu.externaltools.gnu-tools-for-stm32.13.3.rel1.win32_1.0.0.202411081344/tools/bin/../lib/gcc/arm-none-eabi/13.3.1/thumb/v7-m/nofp/crtn.o
                0x08002f70                        . = ALIGN (0x4)
                0x08002f70                        _etext = .

.vfp11_veneer   0x08002f70        0x0
 .vfp11_veneer  0x08002f70        0x0 linker stubs

.v4_bx          0x08002f70        0x0
 .v4_bx         0x08002f70        0x0 linker stubs

.iplt           0x08002f70        0x0
 .iplt          0x08002f70        0x0 D:/STM IDE/STM32CubeIDE_1.19.0/STM32CubeIDE/plugins/com.st.stm32cube.ide.mcu.externaltools.gnu-tools-for-stm32.13.3.rel1.win32_1.0.0.202411081344/tools/bin/../lib/gcc/arm-none-eabi/13.3.1/thumb/v7-m/nofp/crtbegin.o

.rodata         0x08002f70      0x128
                0x08002f70                        . = ALIGN (0x4)
 *(.rodata)
 .rodata        0x08002f70       0xce ./Core/Src/main.o
 *(.rodata*)
 *fill*         0x0800303e        0x2 
 .rodata.AHBPrescTable
                0x08003040       0x10 ./Core/Src/system_stm32f1xx.o
                0x08003040                AHBPrescTable
 .rodata.aPLLMULFactorTable.1
                0x08003050       0x10 ./Drivers/STM32F1xx_HAL_Driver/Src/stm32f1xx_hal_rcc.o
 .rodata.aPredivFactorTable.0
                0x08003060        0x2 ./Drivers/STM32F1xx_HAL_Driver/Src/stm32f1xx_hal_rcc.o
 .rodata._svfprintf_r.str1.1
                0x08003062       0x33 D:/STM IDE/STM32CubeIDE_1.19.0/STM32CubeIDE/plugins/com.st.stm32cube.ide.mcu.externaltools.gnu-tools-for-stm32.13.3.rel1.win32_1.0.0.202411081344/tools/bin/../lib/gcc/arm-none-eabi/13.3.1/../../../../arm-none-eabi/lib/thumb/v7-m/nofp\libc_nano.a(libc_a-nano-svfprintf.o)
                                 0x11 (size before relaxing)
 .rodata._printf_i.str1.1
                0x08003095       0x22 D:/STM IDE/STM32CubeIDE_1.19.0/STM32CubeIDE/plugins/com.st.stm32cube.ide.mcu.externaltools.gnu-tools-for-stm32.13.3.rel1.win32_1.0.0.202411081344/tools/bin/../lib/gcc/arm-none-eabi/13.3.1/../../../../arm-none-eabi/lib/thumb/v7-m/nofp\libc_nano.a(libc_a-nano-vfprintf_i.o)
                0x080030b8                        . = ALIGN (0x4)
 *fill*         0x08003095        0x3 

.ARM.extab      0x08003098        0x0
                0x08003098                        . = ALIGN (0x4)
 *(.ARM.extab* .gnu.linkonce.armextab.*)
                0x08003098                        . = ALIGN (0x4)

.ARM            0x08003098        0x0
                0x08003098                        . = ALIGN (0x4)
                0x08003098                        __exidx_start = .
 *(.ARM.exidx*)
                0x08003098                        __exidx_end = .
                0x08003098                        . = ALIGN (0x4)

.preinit_array  0x08003098        0x0
                0x08003098                        . = ALIGN (0x4)
                0x08003098                        PROVIDE (__preinit_array_start = .)
 *(.preinit_array*)
                0x08003098                        PROVIDE (__preinit_array_end = .)
                0x08003098                        . = ALIGN (0x4)

.init_array     0x08003098        0x4
                0x08003098                        . = ALIGN (0x4)
                0x08003098                        PROVIDE (__init_array_start = .)
 *(SORT_BY_NAME(.init_array.*))
 *(.init_array*)
 .init_array    0x08003098        0x4 D:/STM IDE/STM32CubeIDE_1.19.0/STM32CubeIDE/plugins/com.st.stm32cube.ide.mcu.externaltools.gnu-tools-for-stm32.13.3.rel1.win32_1.0.0.202411081344/tools/bin/../lib/gcc/arm-none-eabi/13.3.1/thumb/v7-m/nofp/crtbegin.o
                0x0800309c                        PROVIDE (__init_array_end = .)
                0x0800309c                        . = ALIGN (0x4)

.fini_array     0x0800309c        0x4
                0x0800309c                        . = ALIGN (0x4)
                [!provide]                        PROVIDE (__fini_array_start = .)
 *(SORT_BY_NAME(.fini_array.*))
 *(.fini_array*)
 .fini_array    0x0800309c        0x4 D:/STM IDE/STM32CubeIDE_1.19.0/STM32CubeIDE/plugins/com.st.stm32cube.ide.mcu.externaltools.gnu-tools-for-stm32.13.3.rel1.win32_1.0.0.202411081344/tools/bin/../lib/gcc/arm-none-eabi/13.3.1/thumb/v7-m/nofp/crtbegin.o
                [!provide]                        PROVIDE (__fini_array_end = .)
                0x080030a0                        . = ALIGN (0x4)
                0x080030a0                        _sidata = LOADADDR (.data)

.rel.dyn        0x080030a0        0x0
 .rel.iplt      0x080030a0        0x0 D:/STM IDE/STM32CubeIDE_1.19.0/STM32CubeIDE/plugins/com.st.stm32cube.ide.mcu.externaltools.gnu-tools-for-stm32.13.3.rel1.win32_1.0.0.202411081344/tools/bin/../lib/gcc/arm-none-eabi/13.3.1/thumb/v7-m/nofp/crtbegin.o

.data           0x20000000       0x84 load address 0x080030a0
                0x20000000                        . = ALIGN (0x4)
                0x20000000                        _sdata = .
 *(.data)
 *(.data*)
 .data.backlight_state
                0x20000000        0x1 ./Core/Src/lcd.o
                0x20000000                backlight_state
 *fill*         0x20000001        0x3 
 .data.text     0x20000004        0x4 ./Core/Src/main.o
                0x20000004                text
 .data.text_cancel
                0x20000008        0x4 ./Core/Src/main.o
                0x20000008                text_cancel
 .data.text_no_money
                0x2000000c        0x4 ./Core/Src/main.o
                0x2000000c                text_no_money
 .data.text_refund
                0x20000010        0x4 ./Core/Src/main.o
                0x20000010                text_refund
 .data.text_insert_coin
                0x20000014        0x4 ./Core/Src/main.o
                0x20000014                text_insert_coin
 .data.prices   0x20000018       0x10 ./Core/Src/main.o
                0x20000018                prices
 .data.SystemCoreClock
                0x20000028        0x4 ./Core/Src/system_stm32f1xx.o
                0x20000028                SystemCoreClock
 .data.uwTickPrio
                0x2000002c        0x4 ./Drivers/STM32F1xx_HAL_Driver/Src/stm32f1xx_hal.o
                0x2000002c                uwTickPrio
 .data.uwTickFreq
                0x20000030        0x1 ./Drivers/STM32F1xx_HAL_Driver/Src/stm32f1xx_hal.o
                0x20000030                uwTickFreq
 *fill*         0x20000031        0x3 
 .data._impure_ptr
                0x20000034        0x4 D:/STM IDE/STM32CubeIDE_1.19.0/STM32CubeIDE/plugins/com.st.stm32cube.ide.mcu.externaltools.gnu-tools-for-stm32.13.3.rel1.win32_1.0.0.202411081344/tools/bin/../lib/gcc/arm-none-eabi/13.3.1/../../../../arm-none-eabi/lib/thumb/v7-m/nofp\libc_nano.a(libc_a-impure.o)
                0x20000034                _impure_ptr
 .data._impure_data
                0x20000038       0x4c D:/STM IDE/STM32CubeIDE_1.19.0/STM32CubeIDE/plugins/com.st.stm32cube.ide.mcu.externaltools.gnu-tools-for-stm32.13.3.rel1.win32_1.0.0.202411081344/tools/bin/../lib/gcc/arm-none-eabi/13.3.1/../../../../arm-none-eabi/lib/thumb/v7-m/nofp\libc_nano.a(libc_a-impure.o)
                0x20000038                _impure_data
 *(.RamFunc)
 *(.RamFunc*)
                0x20000084                        . = ALIGN (0x4)
                0x20000084                        _edata = .

.igot.plt       0x20000084        0x0 load address 0x08003124
 .igot.plt      0x20000084        0x0 D:/STM IDE/STM32CubeIDE_1.19.0/STM32CubeIDE/plugins/com.st.stm32cube.ide.mcu.externaltools.gnu-tools-for-stm32.13.3.rel1.win32_1.0.0.202411081344/tools/bin/../lib/gcc/arm-none-eabi/13.3.1/thumb/v7-m/nofp/crtbegin.o
                0x20000084                        . = ALIGN (0x4)

.bss            0x20000084      0x208 load address 0x08003124
                0x20000084                        _sbss = .
                0x20000084                        __bss_start__ = _sbss
 *(.bss)
 .bss           0x20000084       0x1c D:/STM IDE/STM32CubeIDE_1.19.0/STM32CubeIDE/plugins/com.st.stm32cube.ide.mcu.externaltools.gnu-tools-for-stm32.13.3.rel1.win32_1.0.0.202411081344/tools/bin/../lib/gcc/arm-none-eabi/13.3.1/thumb/v7-m/nofp/crtbegin.o
 *(.bss*)
 .bss.total_money
                0x200000a0        0x4 ./Core/Src/main.o
                0x200000a0                total_money
 .bss.press     0x200000a4        0x4 ./Core/Src/main.o
                0x200000a4                press
 .bss.change    0x200000a8        0x4 ./Core/Src/main.o
                0x200000a8                change
 .bss.motor_active
                0x200000ac        0x4 ./Core/Src/main.o
                0x200000ac                motor_active
 .bss.selected_motor
                0x200000b0        0x4 ./Core/Src/main.o
                0x200000b0                selected_motor
 .bss.flag_pay_pressed
                0x200000b4        0x1 ./Core/Src/main.o
                0x200000b4                flag_pay_pressed
 .bss.flag_choose_pressed
                0x200000b5        0x1 ./Core/Src/main.o
                0x200000b5                flag_choose_pressed
 .bss.flag_confirm_pressed
                0x200000b6        0x1 ./Core/Src/main.o
                0x200000b6                flag_confirm_pressed
 *fill*         0x200000b7        0x1 
 .bss.last_activity_tick
                0x200000b8        0x4 ./Core/Src/main.o
                0x200000b8                last_activity_tick
 .bss.last_lcd_refresh
                0x200000bc        0x4 ./Core/Src/main.o
                0x200000bc                last_lcd_refresh
 .bss.time_pay_press
                0x200000c0        0x4 ./Core/Src/main.o
                0x200000c0                time_pay_press
 .bss.time_choose_press
                0x200000c4        0x4 ./Core/Src/main.o
                0x200000c4                time_choose_press
 .bss.time_confirm_press
                0x200000c8        0x4 ./Core/Src/main.o
                0x200000c8                time_confirm_press
 .bss.lcd_line1
                0x200000cc       0x14 ./Core/Src/main.o
                0x200000cc                lcd_line1
 .bss.lcd_line2
                0x200000e0       0x14 ./Core/Src/main.o
                0x200000e0                lcd_line2
 .bss.htim1     0x200000f4       0x48 ./Core/Src/main.o
                0x200000f4                htim1
 .bss.__sbrk_heap_end
                0x2000013c        0x4 ./Core/Src/sysmem.o
 .bss.uwTick    0x20000140        0x4 ./Drivers/STM32F1xx_HAL_Driver/Src/stm32f1xx_hal.o
                0x20000140                uwTick
 .bss.__sf      0x20000144      0x138 D:/STM IDE/STM32CubeIDE_1.19.0/STM32CubeIDE/plugins/com.st.stm32cube.ide.mcu.externaltools.gnu-tools-for-stm32.13.3.rel1.win32_1.0.0.202411081344/tools/bin/../lib/gcc/arm-none-eabi/13.3.1/../../../../arm-none-eabi/lib/thumb/v7-m/nofp\libc_nano.a(libc_a-findfp.o)
                0x20000144                __sf
 .bss.errno     0x2000027c        0x4 D:/STM IDE/STM32CubeIDE_1.19.0/STM32CubeIDE/plugins/com.st.stm32cube.ide.mcu.externaltools.gnu-tools-for-stm32.13.3.rel1.win32_1.0.0.202411081344/tools/bin/../lib/gcc/arm-none-eabi/13.3.1/../../../../arm-none-eabi/lib/thumb/v7-m/nofp\libc_nano.a(libc_a-reent.o)
                0x2000027c                errno
 .bss.__lock___malloc_recursive_mutex
                0x20000280        0x1 D:/STM IDE/STM32CubeIDE_1.19.0/STM32CubeIDE/plugins/com.st.stm32cube.ide.mcu.externaltools.gnu-tools-for-stm32.13.3.rel1.win32_1.0.0.202411081344/tools/bin/../lib/gcc/arm-none-eabi/13.3.1/../../../../arm-none-eabi/lib/thumb/v7-m/nofp\libc_nano.a(libc_a-lock.o)
                0x20000280                __lock___malloc_recursive_mutex
 *fill*         0x20000281        0x3 
 .bss.__malloc_sbrk_start
                0x20000284        0x4 D:/STM IDE/STM32CubeIDE_1.19.0/STM32CubeIDE/plugins/com.st.stm32cube.ide.mcu.externaltools.gnu-tools-for-stm32.13.3.rel1.win32_1.0.0.202411081344/tools/bin/../lib/gcc/arm-none-eabi/13.3.1/../../../../arm-none-eabi/lib/thumb/v7-m/nofp\libc_nano.a(libc_a-mallocr.o)
                0x20000284                __malloc_sbrk_start
 .bss.__malloc_free_list
                0x20000288        0x4 D:/STM IDE/STM32CubeIDE_1.19.0/STM32CubeIDE/plugins/com.st.stm32cube.ide.mcu.externaltools.gnu-tools-for-stm32.13.3.rel1.win32_1.0.0.202411081344/tools/bin/../lib/gcc/arm-none-eabi/13.3.1/../../../../arm-none-eabi/lib/thumb/v7-m/nofp\libc_nano.a(libc_a-mallocr.o)
                0x20000288                __malloc_free_list
 *(COMMON)
                0x2000028c                        . = ALIGN (0x4)
                0x2000028c                        _ebss = .
                0x2000028c                        __bss_end__ = _ebss

._user_heap_stack
                0x2000028c      0x604 load address 0x08003124
                0x20000290                        . = ALIGN (0x8)
 *fill*         0x2000028c        0x4 
                [!provide]                        PROVIDE (end = .)
                0x20000290                        PROVIDE (_end = .)
                0x20000490                        . = (. + _Min_Heap_Size)
 *fill*         0x20000290      0x200 
                0x20000890                        . = (. + _Min_Stack_Size)
 *fill*         0x20000490      0x400 
                0x20000890                        . = ALIGN (0x8)

/DISCARD/
 libc.a(*)
 libm.a(*)
 libgcc.a(*)

.ARM.attributes
                0x00000000       0x29
 *(.ARM.attributes)
 .ARM.attributes
                0x00000000       0x1d D:/STM IDE/STM32CubeIDE_1.19.0/STM32CubeIDE/plugins/com.st.stm32cube.ide.mcu.externaltools.gnu-tools-for-stm32.13.3.rel1.win32_1.0.0.202411081344/tools/bin/../lib/gcc/arm-none-eabi/13.3.1/thumb/v7-m/nofp/crti.o
 .ARM.attributes
                0x0000001d       0x2d D:/STM IDE/STM32CubeIDE_1.19.0/STM32CubeIDE/plugins/com.st.stm32cube.ide.mcu.externaltools.gnu-tools-for-stm32.13.3.rel1.win32_1.0.0.202411081344/tools/bin/../lib/gcc/arm-none-eabi/13.3.1/thumb/v7-m/nofp/crtbegin.o
 .ARM.attributes
                0x0000004a       0x2d ./Core/Src/lcd.o
 .ARM.attributes
                0x00000077       0x2d ./Core/Src/main.o
 .ARM.attributes
                0x000000a4       0x2d ./Core/Src/stm32f1xx_hal_msp.o
 .ARM.attributes
                0x000000d1       0x2d ./Core/Src/stm32f1xx_it.o
 .ARM.attributes
                0x000000fe       0x2d ./Core/Src/sysmem.o
 .ARM.attributes
                0x0000012b       0x2d ./Core/Src/system_stm32f1xx.o
 .ARM.attributes
                0x00000158       0x21 ./Core/Startup/startup_stm32f103c8tx.o
 .ARM.attributes
                0x00000179       0x2d ./Drivers/STM32F1xx_HAL_Driver/Src/stm32f1xx_hal.o
 .ARM.attributes
                0x000001a6       0x2d ./Drivers/STM32F1xx_HAL_Driver/Src/stm32f1xx_hal_cortex.o
 .ARM.attributes
                0x000001d3       0x2d ./Drivers/STM32F1xx_HAL_Driver/Src/stm32f1xx_hal_gpio.o
 .ARM.attributes
                0x00000200       0x2d ./Drivers/STM32F1xx_HAL_Driver/Src/stm32f1xx_hal_rcc.o
 .ARM.attributes
                0x0000022d       0x2d ./Drivers/STM32F1xx_HAL_Driver/Src/stm32f1xx_hal_tim.o
 .ARM.attributes
                0x0000025a       0x2d ./Drivers/STM32F1xx_HAL_Driver/Src/stm32f1xx_hal_tim_ex.o
 .ARM.attributes
                0x00000287       0x2d D:/STM IDE/STM32CubeIDE_1.19.0/STM32CubeIDE/plugins/com.st.stm32cube.ide.mcu.externaltools.gnu-tools-for-stm32.13.3.rel1.win32_1.0.0.202411081344/tools/bin/../lib/gcc/arm-none-eabi/13.3.1/../../../../arm-none-eabi/lib/thumb/v7-m/nofp\libc_nano.a(libc_a-findfp.o)
 .ARM.attributes
                0x000002b4       0x2d D:/STM IDE/STM32CubeIDE_1.19.0/STM32CubeIDE/plugins/com.st.stm32cube.ide.mcu.externaltools.gnu-tools-for-stm32.13.3.rel1.win32_1.0.0.202411081344/tools/bin/../lib/gcc/arm-none-eabi/13.3.1/../../../../arm-none-eabi/lib/thumb/v7-m/nofp\libc_nano.a(libc_a-sprintf.o)
 .ARM.attributes
                0x000002e1       0x2d D:/STM IDE/STM32CubeIDE_1.19.0/STM32CubeIDE/plugins/com.st.stm32cube.ide.mcu.externaltools.gnu-tools-for-stm32.13.3.rel1.win32_1.0.0.202411081344/tools/bin/../lib/gcc/arm-none-eabi/13.3.1/../../../../arm-none-eabi/lib/thumb/v7-m/nofp\libc_nano.a(libc_a-memset.o)
 .ARM.attributes
                0x0000030e       0x2d D:/STM IDE/STM32CubeIDE_1.19.0/STM32CubeIDE/plugins/com.st.stm32cube.ide.mcu.externaltools.gnu-tools-for-stm32.13.3.rel1.win32_1.0.0.202411081344/tools/bin/../lib/gcc/arm-none-eabi/13.3.1/../../../../arm-none-eabi/lib/thumb/v7-m/nofp\libc_nano.a(libc_a-reent.o)
 .ARM.attributes
                0x0000033b       0x2d D:/STM IDE/STM32CubeIDE_1.19.0/STM32CubeIDE/plugins/com.st.stm32cube.ide.mcu.externaltools.gnu-tools-for-stm32.13.3.rel1.win32_1.0.0.202411081344/tools/bin/../lib/gcc/arm-none-eabi/13.3.1/../../../../arm-none-eabi/lib/thumb/v7-m/nofp\libc_nano.a(libc_a-impure.o)
 .ARM.attributes
                0x00000368       0x2d D:/STM IDE/STM32CubeIDE_1.19.0/STM32CubeIDE/plugins/com.st.stm32cube.ide.mcu.externaltools.gnu-tools-for-stm32.13.3.rel1.win32_1.0.0.202411081344/tools/bin/../lib/gcc/arm-none-eabi/13.3.1/../../../../arm-none-eabi/lib/thumb/v7-m/nofp\libc_nano.a(libc_a-errno.o)
 .ARM.attributes
                0x00000395       0x2d D:/STM IDE/STM32CubeIDE_1.19.0/STM32CubeIDE/plugins/com.st.stm32cube.ide.mcu.externaltools.gnu-tools-for-stm32.13.3.rel1.win32_1.0.0.202411081344/tools/bin/../lib/gcc/arm-none-eabi/13.3.1/../../../../arm-none-eabi/lib/thumb/v7-m/nofp\libc_nano.a(libc_a-init.o)
 .ARM.attributes
                0x000003c2       0x2d D:/STM IDE/STM32CubeIDE_1.19.0/STM32CubeIDE/plugins/com.st.stm32cube.ide.mcu.externaltools.gnu-tools-for-stm32.13.3.rel1.win32_1.0.0.202411081344/tools/bin/../lib/gcc/arm-none-eabi/13.3.1/../../../../arm-none-eabi/lib/thumb/v7-m/nofp\libc_nano.a(libc_a-lock.o)
 .ARM.attributes
                0x000003ef       0x2d D:/STM IDE/STM32CubeIDE_1.19.0/STM32CubeIDE/plugins/com.st.stm32cube.ide.mcu.externaltools.gnu-tools-for-stm32.13.3.rel1.win32_1.0.0.202411081344/tools/bin/../lib/gcc/arm-none-eabi/13.3.1/../../../../arm-none-eabi/lib/thumb/v7-m/nofp\libc_nano.a(libc_a-freer.o)
 .ARM.attributes
                0x0000041c       0x2d D:/STM IDE/STM32CubeIDE_1.19.0/STM32CubeIDE/plugins/com.st.stm32cube.ide.mcu.externaltools.gnu-tools-for-stm32.13.3.rel1.win32_1.0.0.202411081344/tools/bin/../lib/gcc/arm-none-eabi/13.3.1/../../../../arm-none-eabi/lib/thumb/v7-m/nofp\libc_nano.a(libc_a-mallocr.o)
 .ARM.attributes
                0x00000449       0x2d D:/STM IDE/STM32CubeIDE_1.19.0/STM32CubeIDE/plugins/com.st.stm32cube.ide.mcu.externaltools.gnu-tools-for-stm32.13.3.rel1.win32_1.0.0.202411081344/tools/bin/../lib/gcc/arm-none-eabi/13.3.1/../../../../arm-none-eabi/lib/thumb/v7-m/nofp\libc_nano.a(libc_a-mlock.o)
 .ARM.attributes
                0x00000476       0x2d D:/STM IDE/STM32CubeIDE_1.19.0/STM32CubeIDE/plugins/com.st.stm32cube.ide.mcu.externaltools.gnu-tools-for-stm32.13.3.rel1.win32_1.0.0.202411081344/tools/bin/../lib/gcc/arm-none-eabi/13.3.1/../../../../arm-none-eabi/lib/thumb/v7-m/nofp\libc_nano.a(libc_a-nano-svfprintf.o)
 .ARM.attributes
                0x000004a3       0x2d D:/STM IDE/STM32CubeIDE_1.19.0/STM32CubeIDE/plugins/com.st.stm32cube.ide.mcu.externaltools.gnu-tools-for-stm32.13.3.rel1.win32_1.0.0.202411081344/tools/bin/../lib/gcc/arm-none-eabi/13.3.1/../../../../arm-none-eabi/lib/thumb/v7-m/nofp\libc_nano.a(libc_a-nano-vfprintf_i.o)
 .ARM.attributes
                0x000004d0       0x2d D:/STM IDE/STM32CubeIDE_1.19.0/STM32CubeIDE/plugins/com.st.stm32cube.ide.mcu.externaltools.gnu-tools-for-stm32.13.3.rel1.win32_1.0.0.202411081344/tools/bin/../lib/gcc/arm-none-eabi/13.3.1/../../../../arm-none-eabi/lib/thumb/v7-m/nofp\libc_nano.a(libc_a-memmove.o)
 .ARM.attributes
                0x000004fd       0x2d D:/STM IDE/STM32CubeIDE_1.19.0/STM32CubeIDE/plugins/com.st.stm32cube.ide.mcu.externaltools.gnu-tools-for-stm32.13.3.rel1.win32_1.0.0.202411081344/tools/bin/../lib/gcc/arm-none-eabi/13.3.1/../../../../arm-none-eabi/lib/thumb/v7-m/nofp\libc_nano.a(libc_a-sbrkr.o)
 .ARM.attributes
                0x0000052a       0x2d D:/STM IDE/STM32CubeIDE_1.19.0/STM32CubeIDE/plugins/com.st.stm32cube.ide.mcu.externaltools.gnu-tools-for-stm32.13.3.rel1.win32_1.0.0.202411081344/tools/bin/../lib/gcc/arm-none-eabi/13.3.1/../../../../arm-none-eabi/lib/thumb/v7-m/nofp\libc_nano.a(libc_a-memchr-stub.o)
 .ARM.attributes
                0x00000557       0x2d D:/STM IDE/STM32CubeIDE_1.19.0/STM32CubeIDE/plugins/com.st.stm32cube.ide.mcu.externaltools.gnu-tools-for-stm32.13.3.rel1.win32_1.0.0.202411081344/tools/bin/../lib/gcc/arm-none-eabi/13.3.1/../../../../arm-none-eabi/lib/thumb/v7-m/nofp\libc_nano.a(libc_a-memcpy-stub.o)
 .ARM.attributes
                0x00000584       0x2d D:/STM IDE/STM32CubeIDE_1.19.0/STM32CubeIDE/plugins/com.st.stm32cube.ide.mcu.externaltools.gnu-tools-for-stm32.13.3.rel1.win32_1.0.0.202411081344/tools/bin/../lib/gcc/arm-none-eabi/13.3.1/../../../../arm-none-eabi/lib/thumb/v7-m/nofp\libc_nano.a(libc_a-reallocr.o)
 .ARM.attributes
                0x000005b1       0x2d D:/STM IDE/STM32CubeIDE_1.19.0/STM32CubeIDE/plugins/com.st.stm32cube.ide.mcu.externaltools.gnu-tools-for-stm32.13.3.rel1.win32_1.0.0.202411081344/tools/bin/../lib/gcc/arm-none-eabi/13.3.1/../../../../arm-none-eabi/lib/thumb/v7-m/nofp\libc_nano.a(libc_a-msizer.o)
 .ARM.attributes
                0x000005de       0x1d D:/STM IDE/STM32CubeIDE_1.19.0/STM32CubeIDE/plugins/com.st.stm32cube.ide.mcu.externaltools.gnu-tools-for-stm32.13.3.rel1.win32_1.0.0.202411081344/tools/bin/../lib/gcc/arm-none-eabi/13.3.1/thumb/v7-m/nofp/crtn.o
OUTPUT(VENDING_UNEDITED.elf elf32-littlearm)
LOAD linker stubs
LOAD D:/STM IDE/STM32CubeIDE_1.19.0/STM32CubeIDE/plugins/com.st.stm32cube.ide.mcu.externaltools.gnu-tools-for-stm32.13.3.rel1.win32_1.0.0.202411081344/tools/bin/../lib/gcc/arm-none-eabi/13.3.1/../../../../arm-none-eabi/lib/thumb/v7-m/nofp\libc.a
LOAD D:/STM IDE/STM32CubeIDE_1.19.0/STM32CubeIDE/plugins/com.st.stm32cube.ide.mcu.externaltools.gnu-tools-for-stm32.13.3.rel1.win32_1.0.0.202411081344/tools/bin/../lib/gcc/arm-none-eabi/13.3.1/../../../../arm-none-eabi/lib/thumb/v7-m/nofp\libm.a
LOAD D:/STM IDE/STM32CubeIDE_1.19.0/STM32CubeIDE/plugins/com.st.stm32cube.ide.mcu.externaltools.gnu-tools-for-stm32.13.3.rel1.win32_1.0.0.202411081344/tools/bin/../lib/gcc/arm-none-eabi/13.3.1/thumb/v7-m/nofp\libgcc.a

.debug_info     0x00000000     0x7e7b
 .debug_info    0x00000000      0x2b0 ./Core/Src/lcd.o
 .debug_info    0x000002b0     0x10c3 ./Core/Src/main.o
 .debug_info    0x00001373      0x8e4 ./Core/Src/stm32f1xx_hal_msp.o
 .debug_info    0x00001c57      0x16b ./Core/Src/stm32f1xx_it.o
 .debug_info    0x00001dc2      0x168 ./Core/Src/sysmem.o
 .debug_info    0x00001f2a      0x222 ./Core/Src/system_stm32f1xx.o
 .debug_info    0x0000214c       0x30 ./Core/Startup/startup_stm32f103c8tx.o
 .debug_info    0x0000217c      0x704 ./Drivers/STM32F1xx_HAL_Driver/Src/stm32f1xx_hal.o
 .debug_info    0x00002880      0xa87 ./Drivers/STM32F1xx_HAL_Driver/Src/stm32f1xx_hal_cortex.o
 .debug_info    0x00003307      0x5ab ./Drivers/STM32F1xx_HAL_Driver/Src/stm32f1xx_hal_gpio.o
 .debug_info    0x000038b2      0x7d5 ./Drivers/STM32F1xx_HAL_Driver/Src/stm32f1xx_hal_rcc.o
 .debug_info    0x00004087     0x2959 ./Drivers/STM32F1xx_HAL_Driver/Src/stm32f1xx_hal_tim.o
 .debug_info    0x000069e0     0x149b ./Drivers/STM32F1xx_HAL_Driver/Src/stm32f1xx_hal_tim_ex.o

.debug_abbrev   0x00000000     0x1755
 .debug_abbrev  0x00000000      0x175 ./Core/Src/lcd.o
 .debug_abbrev  0x00000175      0x2e3 ./Core/Src/main.o
 .debug_abbrev  0x00000458      0x1cf ./Core/Src/stm32f1xx_hal_msp.o
 .debug_abbrev  0x00000627       0xa0 ./Core/Src/stm32f1xx_it.o
 .debug_abbrev  0x000006c7       0xbc ./Core/Src/sysmem.o
 .debug_abbrev  0x00000783      0x13f ./Core/Src/system_stm32f1xx.o
 .debug_abbrev  0x000008c2       0x24 ./Core/Startup/startup_stm32f103c8tx.o
 .debug_abbrev  0x000008e6      0x201 ./Drivers/STM32F1xx_HAL_Driver/Src/stm32f1xx_hal.o
 .debug_abbrev  0x00000ae7      0x2f8 ./Drivers/STM32F1xx_HAL_Driver/Src/stm32f1xx_hal_cortex.o
 .debug_abbrev  0x00000ddf      0x1ca ./Drivers/STM32F1xx_HAL_Driver/Src/stm32f1xx_hal_gpio.o
 .debug_abbrev  0x00000fa9      0x2b3 ./Drivers/STM32F1xx_HAL_Driver/Src/stm32f1xx_hal_rcc.o
 .debug_abbrev  0x0000125c      0x277 ./Drivers/STM32F1xx_HAL_Driver/Src/stm32f1xx_hal_tim.o
 .debug_abbrev  0x000014d3      0x282 ./Drivers/STM32F1xx_HAL_Driver/Src/stm32f1xx_hal_tim_ex.o

.debug_aranges  0x00000000      0x9c0
 .debug_aranges
                0x00000000       0x58 ./Core/Src/lcd.o
 .debug_aranges
                0x00000058       0x48 ./Core/Src/main.o
 .debug_aranges
                0x000000a0       0x38 ./Core/Src/stm32f1xx_hal_msp.o
 .debug_aranges
                0x000000d8       0x78 ./Core/Src/stm32f1xx_it.o
 .debug_aranges
                0x00000150       0x20 ./Core/Src/sysmem.o
 .debug_aranges
                0x00000170       0x28 ./Core/Src/system_stm32f1xx.o
 .debug_aranges
                0x00000198       0x28 ./Core/Startup/startup_stm32f103c8tx.o
 .debug_aranges
                0x000001c0       0xe0 ./Drivers/STM32F1xx_HAL_Driver/Src/stm32f1xx_hal.o
 .debug_aranges
                0x000002a0      0x100 ./Drivers/STM32F1xx_HAL_Driver/Src/stm32f1xx_hal_cortex.o
 .debug_aranges
                0x000003a0       0x58 ./Drivers/STM32F1xx_HAL_Driver/Src/stm32f1xx_hal_gpio.o
 .debug_aranges
                0x000003f8       0x90 ./Drivers/STM32F1xx_HAL_Driver/Src/stm32f1xx_hal_rcc.o
 .debug_aranges
                0x00000488      0x3d0 ./Drivers/STM32F1xx_HAL_Driver/Src/stm32f1xx_hal_tim.o
 .debug_aranges
                0x00000858      0x168 ./Drivers/STM32F1xx_HAL_Driver/Src/stm32f1xx_hal_tim_ex.o

.debug_rnglists
                0x00000000      0x77b
 .debug_rnglists
                0x00000000       0x3d ./Core/Src/lcd.o
 .debug_rnglists
                0x0000003d       0x36 ./Core/Src/main.o
 .debug_rnglists
                0x00000073       0x25 ./Core/Src/stm32f1xx_hal_msp.o
 .debug_rnglists
                0x00000098       0x55 ./Core/Src/stm32f1xx_it.o
 .debug_rnglists
                0x000000ed       0x13 ./Core/Src/sysmem.o
 .debug_rnglists
                0x00000100       0x1a ./Core/Src/system_stm32f1xx.o
 .debug_rnglists
                0x0000011a       0x19 ./Core/Startup/startup_stm32f103c8tx.o
 .debug_rnglists
                0x00000133       0xa3 ./Drivers/STM32F1xx_HAL_Driver/Src/stm32f1xx_hal.o
 .debug_rnglists
                0x000001d6       0xbb ./Drivers/STM32F1xx_HAL_Driver/Src/stm32f1xx_hal_cortex.o
 .debug_rnglists
                0x00000291       0x3f ./Drivers/STM32F1xx_HAL_Driver/Src/stm32f1xx_hal_gpio.o
 .debug_rnglists
                0x000002d0       0x6c ./Drivers/STM32F1xx_HAL_Driver/Src/stm32f1xx_hal_rcc.o
 .debug_rnglists
                0x0000033c      0x31a ./Drivers/STM32F1xx_HAL_Driver/Src/stm32f1xx_hal_tim.o
 .debug_rnglists
                0x00000656      0x125 ./Drivers/STM32F1xx_HAL_Driver/Src/stm32f1xx_hal_tim_ex.o

.debug_macro    0x00000000    0x1776e
 .debug_macro   0x00000000      0x1d3 ./Core/Src/lcd.o
 .debug_macro   0x000001d3      0xacc ./Core/Src/lcd.o
 .debug_macro   0x00000c9f      0x215 ./Core/Src/lcd.o
 .debug_macro   0x00000eb4       0x2e ./Core/Src/lcd.o
 .debug_macro   0x00000ee2       0x22 ./Core/Src/lcd.o
 .debug_macro   0x00000f04       0x22 ./Core/Src/lcd.o
 .debug_macro   0x00000f26       0x8e ./Core/Src/lcd.o
 .debug_macro   0x00000fb4       0x51 ./Core/Src/lcd.o
 .debug_macro   0x00001005      0x103 ./Core/Src/lcd.o
 .debug_macro   0x00001108       0x6a ./Core/Src/lcd.o
 .debug_macro   0x00001172      0x1df ./Core/Src/lcd.o
 .debug_macro   0x00001351       0x1c ./Core/Src/lcd.o
 .debug_macro   0x0000136d       0x22 ./Core/Src/lcd.o
 .debug_macro   0x0000138f       0xbd ./Core/Src/lcd.o
 .debug_macro   0x0000144c      0xd23 ./Core/Src/lcd.o
 .debug_macro   0x0000216f     0xe09e ./Core/Src/lcd.o
 .debug_macro   0x0001020d       0x6d ./Core/Src/lcd.o
 .debug_macro   0x0001027a     0x34a2 ./Core/Src/lcd.o
 .debug_macro   0x0001371c      0x190 ./Core/Src/lcd.o
 .debug_macro   0x000138ac       0x5c ./Core/Src/lcd.o
 .debug_macro   0x00013908      0x5bc ./Core/Src/lcd.o
 .debug_macro   0x00013ec4      0x289 ./Core/Src/lcd.o
 .debug_macro   0x0001414d      0x1cb ./Core/Src/lcd.o
 .debug_macro   0x00014318      0x114 ./Core/Src/lcd.o
 .debug_macro   0x0001442c      0x1b2 ./Core/Src/lcd.o
 .debug_macro   0x000145de       0x27 ./Core/Src/lcd.o
 .debug_macro   0x00014605      0x136 ./Core/Src/lcd.o
 .debug_macro   0x0001473b      0x1bc ./Core/Src/lcd.o
 .debug_macro   0x000148f7       0x34 ./Core/Src/lcd.o
 .debug_macro   0x0001492b       0x3c ./Core/Src/lcd.o
 .debug_macro   0x00014967       0x57 ./Core/Src/lcd.o
 .debug_macro   0x000149be       0x87 ./Core/Src/lcd.o
 .debug_macro   0x00014a45      0x240 ./Core/Src/lcd.o
 .debug_macro   0x00014c85      0x140 ./Core/Src/lcd.o
 .debug_macro   0x00014dc5      0x8ed ./Core/Src/lcd.o
 .debug_macro   0x000156b2       0x83 ./Core/Src/lcd.o
 .debug_macro   0x00015735      0x2e8 ./Core/Src/main.o
 .debug_macro   0x00015a1d       0xe2 ./Core/Src/main.o
 .debug_macro   0x00015aff       0x61 ./Core/Src/main.o
 .debug_macro   0x00015b60       0x24 ./Core/Src/main.o
 .debug_macro   0x00015b84       0x43 ./Core/Src/main.o
 .debug_macro   0x00015bc7       0x34 ./Core/Src/main.o
 .debug_macro   0x00015bfb       0x16 ./Core/Src/main.o
 .debug_macro   0x00015c11       0x3c ./Core/Src/main.o
 .debug_macro   0x00015c4d      0x370 ./Core/Src/main.o
 .debug_macro   0x00015fbd       0x10 ./Core/Src/main.o
 .debug_macro   0x00015fcd       0x16 ./Core/Src/main.o
 .debug_macro   0x00015fe3       0x4a ./Core/Src/main.o
 .debug_macro   0x0001602d       0x34 ./Core/Src/main.o
 .debug_macro   0x00016061       0x10 ./Core/Src/main.o
 .debug_macro   0x00016071       0x58 ./Core/Src/main.o
 .debug_macro   0x000160c9       0x8e ./Core/Src/main.o
 .debug_macro   0x00016157       0x1c ./Core/Src/main.o
 .debug_macro   0x00016173      0x185 ./Core/Src/main.o
 .debug_macro   0x000162f8       0x16 ./Core/Src/main.o
 .debug_macro   0x0001630e       0x16 ./Core/Src/main.o
 .debug_macro   0x00016324      0x146 ./Core/Src/main.o
 .debug_macro   0x0001646a       0x16 ./Core/Src/main.o
 .debug_macro   0x00016480       0x20 ./Core/Src/main.o
 .debug_macro   0x000164a0       0x16 ./Core/Src/main.o
 .debug_macro   0x000164b6       0x16 ./Core/Src/main.o
 .debug_macro   0x000164cc       0x29 ./Core/Src/main.o
 .debug_macro   0x000164f5      0x1a8 ./Core/Src/stm32f1xx_hal_msp.o
 .debug_macro   0x0001669d      0x1b2 ./Core/Src/stm32f1xx_it.o
 .debug_macro   0x0001684f      0x112 ./Core/Src/sysmem.o
 .debug_macro   0x00016961      0x23c ./Core/Src/sysmem.o
 .debug_macro   0x00016b9d      0x199 ./Core/Src/system_stm32f1xx.o
 .debug_macro   0x00016d36      0x1bd ./Drivers/STM32F1xx_HAL_Driver/Src/stm32f1xx_hal.o
 .debug_macro   0x00016ef3      0x199 ./Drivers/STM32F1xx_HAL_Driver/Src/stm32f1xx_hal_cortex.o
 .debug_macro   0x0001708c      0x204 ./Drivers/STM32F1xx_HAL_Driver/Src/stm32f1xx_hal_gpio.o
 .debug_macro   0x00017290      0x1ab ./Drivers/STM32F1xx_HAL_Driver/Src/stm32f1xx_hal_rcc.o
 .debug_macro   0x0001743b      0x19a ./Drivers/STM32F1xx_HAL_Driver/Src/stm32f1xx_hal_tim.o
 .debug_macro   0x000175d5      0x199 ./Drivers/STM32F1xx_HAL_Driver/Src/stm32f1xx_hal_tim_ex.o

.debug_line     0x00000000     0xacf7
 .debug_line    0x00000000      0x7ec ./Core/Src/lcd.o
 .debug_line    0x000007ec      0xdad ./Core/Src/main.o
 .debug_line    0x00001599      0x75d ./Core/Src/stm32f1xx_hal_msp.o
 .debug_line    0x00001cf6      0x7ef ./Core/Src/stm32f1xx_it.o
 .debug_line    0x000024e5      0x5a1 ./Core/Src/sysmem.o
 .debug_line    0x00002a86      0x777 ./Core/Src/system_stm32f1xx.o
 .debug_line    0x000031fd       0x78 ./Core/Startup/startup_stm32f103c8tx.o
 .debug_line    0x00003275      0x9a8 ./Drivers/STM32F1xx_HAL_Driver/Src/stm32f1xx_hal.o
 .debug_line    0x00003c1d      0xb72 ./Drivers/STM32F1xx_HAL_Driver/Src/stm32f1xx_hal_cortex.o
 .debug_line    0x0000478f      0xa05 ./Drivers/STM32F1xx_HAL_Driver/Src/stm32f1xx_hal_gpio.o
 .debug_line    0x00005194      0xe61 ./Drivers/STM32F1xx_HAL_Driver/Src/stm32f1xx_hal_rcc.o
 .debug_line    0x00005ff5     0x3496 ./Drivers/STM32F1xx_HAL_Driver/Src/stm32f1xx_hal_tim.o
 .debug_line    0x0000948b     0x186c ./Drivers/STM32F1xx_HAL_Driver/Src/stm32f1xx_hal_tim_ex.o

.debug_str      0x00000000    0x885e5
 .debug_str     0x00000000    0x885e5 ./Core/Src/lcd.o
                              0x81bc6 (size before relaxing)
 .debug_str     0x000885e5    0x8657b ./Core/Src/main.o
 .debug_str     0x000885e5    0x8245f ./Core/Src/stm32f1xx_hal_msp.o
 .debug_str     0x000885e5    0x81f6f ./Core/Src/stm32f1xx_it.o
 .debug_str     0x000885e5     0x7717 ./Core/Src/sysmem.o
 .debug_str     0x000885e5    0x81b48 ./Core/Src/system_stm32f1xx.o
 .debug_str     0x000885e5       0x71 ./Core/Startup/startup_stm32f103c8tx.o
 .debug_str     0x000885e5    0x8227b ./Drivers/STM32F1xx_HAL_Driver/Src/stm32f1xx_hal.o
 .debug_str     0x000885e5    0x821c7 ./Drivers/STM32F1xx_HAL_Driver/Src/stm32f1xx_hal_cortex.o
 .debug_str     0x000885e5    0x81ece ./Drivers/STM32F1xx_HAL_Driver/Src/stm32f1xx_hal_gpio.o
 .debug_str     0x000885e5    0x81f77 ./Drivers/STM32F1xx_HAL_Driver/Src/stm32f1xx_hal_rcc.o
 .debug_str     0x000885e5    0x82f79 ./Drivers/STM32F1xx_HAL_Driver/Src/stm32f1xx_hal_tim.o
 .debug_str     0x000885e5    0x82785 ./Drivers/STM32F1xx_HAL_Driver/Src/stm32f1xx_hal_tim_ex.o

.comment        0x00000000       0x43
 .comment       0x00000000       0x43 ./Core/Src/lcd.o
                                 0x44 (size before relaxing)
 .comment       0x00000043       0x44 ./Core/Src/main.o
 .comment       0x00000043       0x44 ./Core/Src/stm32f1xx_hal_msp.o
 .comment       0x00000043       0x44 ./Core/Src/stm32f1xx_it.o
 .comment       0x00000043       0x44 ./Core/Src/sysmem.o
 .comment       0x00000043       0x44 ./Core/Src/system_stm32f1xx.o
 .comment       0x00000043       0x44 ./Drivers/STM32F1xx_HAL_Driver/Src/stm32f1xx_hal.o
 .comment       0x00000043       0x44 ./Drivers/STM32F1xx_HAL_Driver/Src/stm32f1xx_hal_cortex.o
 .comment       0x00000043       0x44 ./Drivers/STM32F1xx_HAL_Driver/Src/stm32f1xx_hal_gpio.o
 .comment       0x00000043       0x44 ./Drivers/STM32F1xx_HAL_Driver/Src/stm32f1xx_hal_rcc.o
 .comment       0x00000043       0x44 ./Drivers/STM32F1xx_HAL_Driver/Src/stm32f1xx_hal_tim.o
 .comment       0x00000043       0x44 ./Drivers/STM32F1xx_HAL_Driver/Src/stm32f1xx_hal_tim_ex.o

.debug_frame    0x00000000     0x2cf0
 .debug_frame   0x00000000      0x124 ./Core/Src/lcd.o
 .debug_frame   0x00000124       0xd8 ./Core/Src/main.o
 .debug_frame   0x000001fc       0xac ./Core/Src/stm32f1xx_hal_msp.o
 .debug_frame   0x000002a8      0x158 ./Core/Src/stm32f1xx_it.o
 .debug_frame   0x00000400       0x34 ./Core/Src/sysmem.o
 .debug_frame   0x00000434       0x58 ./Core/Src/system_stm32f1xx.o
 .debug_frame   0x0000048c      0x334 ./Drivers/STM32F1xx_HAL_Driver/Src/stm32f1xx_hal.o
 .debug_frame   0x000007c0      0x428 ./Drivers/STM32F1xx_HAL_Driver/Src/stm32f1xx_hal_cortex.o
 .debug_frame   0x00000be8      0x14c ./Drivers/STM32F1xx_HAL_Driver/Src/stm32f1xx_hal_gpio.o
 .debug_frame   0x00000d34      0x218 ./Drivers/STM32F1xx_HAL_Driver/Src/stm32f1xx_hal_rcc.o
 .debug_frame   0x00000f4c     0x11b8 ./Drivers/STM32F1xx_HAL_Driver/Src/stm32f1xx_hal_tim.o
 .debug_frame   0x00002104      0x638 ./Drivers/STM32F1xx_HAL_Driver/Src/stm32f1xx_hal_tim_ex.o
 .debug_frame   0x0000273c      0x144 D:/STM IDE/STM32CubeIDE_1.19.0/STM32CubeIDE/plugins/com.st.stm32cube.ide.mcu.externaltools.gnu-tools-for-stm32.13.3.rel1.win32_1.0.0.202411081344/tools/bin/../lib/gcc/arm-none-eabi/13.3.1/../../../../arm-none-eabi/lib/thumb/v7-m/nofp\libc_nano.a(libc_a-findfp.o)
 .debug_frame   0x00002880       0x74 D:/STM IDE/STM32CubeIDE_1.19.0/STM32CubeIDE/plugins/com.st.stm32cube.ide.mcu.externaltools.gnu-tools-for-stm32.13.3.rel1.win32_1.0.0.202411081344/tools/bin/../lib/gcc/arm-none-eabi/13.3.1/../../../../arm-none-eabi/lib/thumb/v7-m/nofp\libc_nano.a(libc_a-sprintf.o)
 .debug_frame   0x000028f4       0x20 D:/STM IDE/STM32CubeIDE_1.19.0/STM32CubeIDE/plugins/com.st.stm32cube.ide.mcu.externaltools.gnu-tools-for-stm32.13.3.rel1.win32_1.0.0.202411081344/tools/bin/../lib/gcc/arm-none-eabi/13.3.1/../../../../arm-none-eabi/lib/thumb/v7-m/nofp\libc_nano.a(libc_a-memset.o)
 .debug_frame   0x00002914       0x38 D:/STM IDE/STM32CubeIDE_1.19.0/STM32CubeIDE/plugins/com.st.stm32cube.ide.mcu.externaltools.gnu-tools-for-stm32.13.3.rel1.win32_1.0.0.202411081344/tools/bin/../lib/gcc/arm-none-eabi/13.3.1/../../../../arm-none-eabi/lib/thumb/v7-m/nofp\libc_nano.a(libc_a-reent.o)
 .debug_frame   0x0000294c       0x20 D:/STM IDE/STM32CubeIDE_1.19.0/STM32CubeIDE/plugins/com.st.stm32cube.ide.mcu.externaltools.gnu-tools-for-stm32.13.3.rel1.win32_1.0.0.202411081344/tools/bin/../lib/gcc/arm-none-eabi/13.3.1/../../../../arm-none-eabi/lib/thumb/v7-m/nofp\libc_nano.a(libc_a-errno.o)
 .debug_frame   0x0000296c       0x2c D:/STM IDE/STM32CubeIDE_1.19.0/STM32CubeIDE/plugins/com.st.stm32cube.ide.mcu.externaltools.gnu-tools-for-stm32.13.3.rel1.win32_1.0.0.202411081344/tools/bin/../lib/gcc/arm-none-eabi/13.3.1/../../../../arm-none-eabi/lib/thumb/v7-m/nofp\libc_nano.a(libc_a-init.o)
 .debug_frame   0x00002998       0xb0 D:/STM IDE/STM32CubeIDE_1.19.0/STM32CubeIDE/plugins/com.st.stm32cube.ide.mcu.externaltools.gnu-tools-for-stm32.13.3.rel1.win32_1.0.0.202411081344/tools/bin/../lib/gcc/arm-none-eabi/13.3.1/../../../../arm-none-eabi/lib/thumb/v7-m/nofp\libc_nano.a(libc_a-lock.o)
 .debug_frame   0x00002a48       0x38 D:/STM IDE/STM32CubeIDE_1.19.0/STM32CubeIDE/plugins/com.st.stm32cube.ide.mcu.externaltools.gnu-tools-for-stm32.13.3.rel1.win32_1.0.0.202411081344/tools/bin/../lib/gcc/arm-none-eabi/13.3.1/../../../../arm-none-eabi/lib/thumb/v7-m/nofp\libc_nano.a(libc_a-freer.o)
 .debug_frame   0x00002a80       0x50 D:/STM IDE/STM32CubeIDE_1.19.0/STM32CubeIDE/plugins/com.st.stm32cube.ide.mcu.externaltools.gnu-tools-for-stm32.13.3.rel1.win32_1.0.0.202411081344/tools/bin/../lib/gcc/arm-none-eabi/13.3.1/../../../../arm-none-eabi/lib/thumb/v7-m/nofp\libc_nano.a(libc_a-mallocr.o)
 .debug_frame   0x00002ad0       0x30 D:/STM IDE/STM32CubeIDE_1.19.0/STM32CubeIDE/plugins/com.st.stm32cube.ide.mcu.externaltools.gnu-tools-for-stm32.13.3.rel1.win32_1.0.0.202411081344/tools/bin/../lib/gcc/arm-none-eabi/13.3.1/../../../../arm-none-eabi/lib/thumb/v7-m/nofp\libc_nano.a(libc_a-mlock.o)
 .debug_frame   0x00002b00       0x90 D:/STM IDE/STM32CubeIDE_1.19.0/STM32CubeIDE/plugins/com.st.stm32cube.ide.mcu.externaltools.gnu-tools-for-stm32.13.3.rel1.win32_1.0.0.202411081344/tools/bin/../lib/gcc/arm-none-eabi/13.3.1/../../../../arm-none-eabi/lib/thumb/v7-m/nofp\libc_nano.a(libc_a-nano-svfprintf.o)
 .debug_frame   0x00002b90       0x60 D:/STM IDE/STM32CubeIDE_1.19.0/STM32CubeIDE/plugins/com.st.stm32cube.ide.mcu.externaltools.gnu-tools-for-stm32.13.3.rel1.win32_1.0.0.202411081344/tools/bin/../lib/gcc/arm-none-eabi/13.3.1/../../../../arm-none-eabi/lib/thumb/v7-m/nofp\libc_nano.a(libc_a-nano-vfprintf_i.o)
 .debug_frame   0x00002bf0       0x28 D:/STM IDE/STM32CubeIDE_1.19.0/STM32CubeIDE/plugins/com.st.stm32cube.ide.mcu.externaltools.gnu-tools-for-stm32.13.3.rel1.win32_1.0.0.202411081344/tools/bin/../lib/gcc/arm-none-eabi/13.3.1/../../../../arm-none-eabi/lib/thumb/v7-m/nofp\libc_nano.a(libc_a-memmove.o)
 .debug_frame   0x00002c18       0x2c D:/STM IDE/STM32CubeIDE_1.19.0/STM32CubeIDE/plugins/com.st.stm32cube.ide.mcu.externaltools.gnu-tools-for-stm32.13.3.rel1.win32_1.0.0.202411081344/tools/bin/../lib/gcc/arm-none-eabi/13.3.1/../../../../arm-none-eabi/lib/thumb/v7-m/nofp\libc_nano.a(libc_a-sbrkr.o)
 .debug_frame   0x00002c44       0x28 D:/STM IDE/STM32CubeIDE_1.19.0/STM32CubeIDE/plugins/com.st.stm32cube.ide.mcu.externaltools.gnu-tools-for-stm32.13.3.rel1.win32_1.0.0.202411081344/tools/bin/../lib/gcc/arm-none-eabi/13.3.1/../../../../arm-none-eabi/lib/thumb/v7-m/nofp\libc_nano.a(libc_a-memchr-stub.o)
 .debug_frame   0x00002c6c       0x28 D:/STM IDE/STM32CubeIDE_1.19.0/STM32CubeIDE/plugins/com.st.stm32cube.ide.mcu.externaltools.gnu-tools-for-stm32.13.3.rel1.win32_1.0.0.202411081344/tools/bin/../lib/gcc/arm-none-eabi/13.3.1/../../../../arm-none-eabi/lib/thumb/v7-m/nofp\libc_nano.a(libc_a-memcpy-stub.o)
 .debug_frame   0x00002c94       0x3c D:/STM IDE/STM32CubeIDE_1.19.0/STM32CubeIDE/plugins/com.st.stm32cube.ide.mcu.externaltools.gnu-tools-for-stm32.13.3.rel1.win32_1.0.0.202411081344/tools/bin/../lib/gcc/arm-none-eabi/13.3.1/../../../../arm-none-eabi/lib/thumb/v7-m/nofp\libc_nano.a(libc_a-reallocr.o)
 .debug_frame   0x00002cd0       0x20 D:/STM IDE/STM32CubeIDE_1.19.0/STM32CubeIDE/plugins/com.st.stm32cube.ide.mcu.externaltools.gnu-tools-for-stm32.13.3.rel1.win32_1.0.0.202411081344/tools/bin/../lib/gcc/arm-none-eabi/13.3.1/../../../../arm-none-eabi/lib/thumb/v7-m/nofp\libc_nano.a(libc_a-msizer.o)

.debug_line_str
                0x00000000       0x55
 .debug_line_str
                0x00000000       0x55 ./Core/Startup/startup_stm32f103c8tx.o
